// Jest Snapshot v1, https://goo.gl/fbAQLP

exports[`renderNode renders simple component 1`] = `null`;
